
Allocating common symbols
Common symbol       size              file

netbufpool          0x4               binaries/net.o
readylist           0x2               binaries/ready.o
rfltab              0x5a0             binaries/rflinit.o
tstab               0x2d0             binaries/initialize.o
sleepq              0x2               binaries/clkinit.o
nnames              0x4               binaries/naminit.o
udptab              0x168             binaries/udp.o
minheap             0x4               binaries/meminit.o
marks               0x50              binaries/mark.o
currpid             0x4               binaries/initialize.o
Lf_data             0x20c             binaries/lfsinit.o
porttab             0x2d0             binaries/ptinit.o
girmask             0x2               binaries/evec.o
ttytab              0x10c             binaries/ttyinit.o
proctab             0x15e0            binaries/initialize.o
prcount             0x4               binaries/initialize.o
lfltab              0xf00             binaries/lflinit.o
rdstab              0x8c              binaries/rdsinit.o
ethertab            0x138             binaries/ethinit.o
NetData             0xa8              binaries/net.o
nmarks              0x4               binaries/mark.o
Defer               0x8               binaries/resched.o
semtab              0x4b0             binaries/initialize.o
maxheap             0x4               binaries/meminit.o
preempt             0x4               binaries/clkinit.o
buftab              0xf0              binaries/bufinit.o
Rf_data             0x18              binaries/rfsinit.o
mkmutex             0x4               binaries/mark.o
clktime             0x4               binaries/clkinit.o
arpcache            0x140             binaries/arp.o
icmptab             0x230             binaries/icmp.o
nbpools             0x4               binaries/bufinit.o
queuetab            0x980             binaries/queue.o
ptnextid            0x4               binaries/ptinit.o
Ram                 0x19000           binaries/raminit.o
ipoqueue            0x2c              binaries/ip.o
memlist             0x8               binaries/initialize.o
nametab             0x19a0            binaries/naminit.o
ptfree              0x4               binaries/ptinit.o

Memory Configuration

Name             Origin             Length             Attributes
*default*        0x0000000000000000 0xffffffffffffffff

Linker script and memory map

                0x0000000000100000                physbase = 0x100000
                0x0000000000100000                . = physbase
                0x0000000000100000                . = ALIGN (0x1000)

.text           0x0000000000100000    0x14000
                0x0000000000100000                text = ABSOLUTE (.)
 *(.text .text.*)
 .text          0x0000000000100000      0x1ac binaries/start.o
                0x0000000000100028                start
                0x00000000001000fa                inb
                0x0000000000100102                inw
                0x000000000010010b                inl
                0x0000000000100113                outb
                0x000000000010011d                outw
                0x0000000000100128                outl
                0x0000000000100132                _rtcin
                0x000000000010013d                ___udivsi3
                0x0000000000100148                ___divsi3
                0x0000000000100154                sbzero
                0x0000000000100164                bcopy
                0x0000000000100178                insw
                0x000000000010018e                outsw
                0x00000000001001a4                lidt
 .text          0x00000000001001ac      0x2df binaries/ascdate.o
                0x00000000001001ac                ascdate
 .text          0x000000000010048b       0x14 binaries/bufinit.o
                0x000000000010048b                bufinit
 .text          0x000000000010049f       0x6c binaries/chprio.o
                0x000000000010049f                chprio
 .text          0x000000000010050b       0x74 binaries/clkhandler.o
                0x000000000010050b                clkhandler
 .text          0x000000000010057f       0x77 binaries/clkinit.o
                0x000000000010057f                clkinit
 .text          0x00000000001005f6       0x51 binaries/close.o
                0x00000000001005f6                close
 .text          0x0000000000100647        0x0 binaries/conf.o
 .text          0x0000000000100647       0x66 binaries/control.o
                0x0000000000100647                control
 .text          0x00000000001006ad      0x1ff binaries/create.o
                0x00000000001006ad                create
 .text          0x00000000001008ac      0x2bb binaries/early_imr.o
                0x00000000001008ac                intel_cln_early_sb_read_reg
                0x0000000000100913                intel_cln_early_sb_write_reg
                0x0000000000100a26                remove_irm_protections
 .text          0x0000000000100b67      0x37f binaries/evec.o
                0x0000000000100b67                setirmask
                0x0000000000100ba6                set_evec
                0x0000000000100c05                initevec
                0x0000000000100d19                trap
 .text          0x0000000000100ee6       0x6a binaries/freebuf.o
                0x0000000000100ee6                freebuf
 .text          0x0000000000100f50      0x102 binaries/freemem.o
                0x0000000000100f50                freemem
 .text          0x0000000000101052       0x69 binaries/getbuf.o
                0x0000000000101052                getbuf
 .text          0x00000000001010bb       0x51 binaries/getc.o
                0x00000000001010bb                getc
 .text          0x000000000010110c       0x68 binaries/getdev.o
                0x000000000010110c                getdev
 .text          0x0000000000101174       0x86 binaries/getitem.o
                0x0000000000101174                getitem
                0x00000000001011a3                getfirst
                0x00000000001011cc                getlast
 .text          0x00000000001011fa       0xb5 binaries/getmem.o
                0x00000000001011fa                getmem
 .text          0x00000000001012af        0xa binaries/getpid.o
                0x00000000001012af                getpid
 .text          0x00000000001012b9       0x5f binaries/getprio.o
                0x00000000001012b9                getprio
 .text          0x0000000000101318       0xa2 binaries/getstk.o
                0x0000000000101318                getstk
 .text          0x00000000001013ba       0x32 binaries/gettime.o
                0x00000000001013ba                gettime
 .text          0x00000000001013ec      0x1b4 binaries/getutime.o
                0x00000000001013ec                getutime
 .text          0x00000000001015a0       0x51 binaries/init.o
                0x00000000001015a0                init
 .text          0x00000000001015f1      0x3f8 binaries/initialize.o
                0x00000000001015f1                readTS
                0x0000000000101774                nulluser
                0x000000000010199c                stop
                0x00000000001019c3                delay
 .text          0x00000000001019e9       0xa1 binaries/insert.o
                0x00000000001019e9                insert
 .text          0x0000000000101a8a       0xf1 binaries/insertd.o
                0x0000000000101a8a                insertd
 .text          0x0000000000101b7b        0xa binaries/ioerr.o
                0x0000000000101b7b                ioerr
 .text          0x0000000000101b85        0xa binaries/ionull.o
                0x0000000000101b85                ionull
 .text          0x0000000000101b8f      0x142 binaries/kill.o
                0x0000000000101b8f                kill
 .text          0x0000000000101cd1       0xbf binaries/kprintf.o
                0x0000000000101cd1                kputc
                0x0000000000101d03                console_init
                0x0000000000101d43                kgetc
                0x0000000000101d69                kprintf
 .text          0x0000000000101d90       0x64 binaries/main.o
                0x0000000000101d90                main
 .text          0x0000000000101df4       0x97 binaries/mark.o
                0x0000000000101df4                markinit
                0x0000000000101e17                mark
 .text          0x0000000000101e8b      0x1c7 binaries/meminit.o
                0x0000000000101e8b                meminit
                0x0000000000101fda                setsegs
 .text          0x0000000000102052      0x111 binaries/mkbufpool.o
                0x0000000000102052                mkbufpool
 .text          0x0000000000102163       0x63 binaries/newqueue.o
                0x0000000000102163                newqueue
 .text          0x00000000001021c6       0x5f binaries/open.o
                0x00000000001021c6                open
 .text          0x0000000000102225       0x20 binaries/panic.o
                0x0000000000102225                panic
 .text          0x0000000000102245      0x27a binaries/pci.o
                0x0000000000102245                pci_init
                0x000000000010224f                find_pci_device
                0x000000000010230c                pci_read_config_byte
                0x0000000000102348                pci_read_config_word
                0x0000000000102386                pci_read_config_dword
                0x00000000001023c2                pci_write_config_byte
                0x00000000001023fc                pci_write_config_word
                0x0000000000102437                pci_write_config_dword
                0x0000000000102471                pci_get_dev_mmio_base_addr
 .text          0x00000000001024bf       0x5a binaries/platinit.o
                0x00000000001024bf                platinit
 .text          0x0000000000102519       0x32 binaries/printloop.o
                0x0000000000102519                printloop
 .text          0x000000000010254b       0xc7 binaries/printprocstks.o
                0x000000000010254b                printprocstks
 .text          0x0000000000102612      0x126 binaries/printsegaddress.o
                0x0000000000102612                printsegaddress
 .text          0x0000000000102738       0xa9 binaries/ptclear.o
                0x0000000000102738                _ptclear
 .text          0x00000000001027e1       0x71 binaries/ptcount.o
                0x00000000001027e1                ptcount
 .text          0x0000000000102852       0xc3 binaries/ptcreate.o
                0x0000000000102852                ptcreate
 .text          0x0000000000102915       0x68 binaries/ptdelete.o
                0x0000000000102915                ptdelete
 .text          0x000000000010297d       0x8c binaries/ptinit.o
                0x000000000010297d                ptinit
 .text          0x0000000000102a09       0xc0 binaries/ptrecv.o
                0x0000000000102a09                ptrecv
 .text          0x0000000000102ac9       0x62 binaries/ptreset.o
                0x0000000000102ac9                ptreset
 .text          0x0000000000102b2b       0xd2 binaries/ptsend.o
                0x0000000000102b2b                ptsend
 .text          0x0000000000102bfd       0x5f binaries/putc.o
                0x0000000000102bfd                putc
 .text          0x0000000000102c5c       0xd3 binaries/quark_irq.o
                0x0000000000102c5c                quark_irq_routing
 .text          0x0000000000102d2f      0x1c1 binaries/quark_pdat.o
                0x0000000000102d2f                get_quark_pdat_entry_data_by_id
                0x0000000000102e0c                get_quark_pdat_entry_data_by_desc
 .text          0x0000000000102ef0       0xb5 binaries/queue.o
                0x0000000000102ef0                enqueue
                0x0000000000102f5e                dequeue
 .text          0x0000000000102fa5       0x5f binaries/read.o
                0x0000000000102fa5                read
 .text          0x0000000000103004       0x6e binaries/ready.o
                0x0000000000103004                ready
 .text          0x0000000000103072       0x55 binaries/receive.o
                0x0000000000103072                receive
 .text          0x00000000001030c7       0x46 binaries/recvclr.o
                0x00000000001030c7                recvclr
 .text          0x000000000010310d       0xa0 binaries/recvtime.o
                0x000000000010310d                recvtime
 .text          0x00000000001031ad      0x133 binaries/resched.o
                0x00000000001031ad                resched
                0x000000000010326e                resched_cntl
 .text          0x00000000001032e0       0x8a binaries/resume.o
                0x00000000001032e0                resume
 .text          0x000000000010336a       0x58 binaries/seek.o
                0x000000000010336a                seek
 .text          0x00000000001033c2       0x4a binaries/semcount.o
                0x00000000001033c2                semcount
 .text          0x000000000010340c       0x95 binaries/semcreate.o
                0x000000000010340c                semcreate
 .text          0x00000000001034a1       0xab binaries/semdelete.o
                0x00000000001034a1                semdelete
 .text          0x000000000010354c       0x96 binaries/semreset.o
                0x000000000010354c                semreset
 .text          0x00000000001035e2       0xb6 binaries/send.o
                0x00000000001035e2                send
 .text          0x0000000000103698       0x7f binaries/signal.o
                0x0000000000103698                signal
 .text          0x0000000000103717       0xaa binaries/signaln.o
                0x0000000000103717                signaln
 .text          0x00000000001037c1       0xbf binaries/sleep.o
                0x00000000001037c1                sleepms
                0x000000000010384e                sleep
 .text          0x0000000000103880      0x18e binaries/stacktrace.o
                0x0000000000103880                stacktrace
 .text          0x0000000000103a0e       0xb9 binaries/suspend.o
                0x0000000000103a0e                suspend
 .text          0x0000000000103ac7       0xab binaries/unsleep.o
                0x0000000000103ac7                unsleep
 .text          0x0000000000103b72       0x15 binaries/userret.o
                0x0000000000103b72                userret
 .text          0x0000000000103b87       0xa2 binaries/wait.o
                0x0000000000103b87                wait
 .text          0x0000000000103c29       0x72 binaries/wakeup.o
                0x0000000000103c29                wakeup
 .text          0x0000000000103c9b       0x5f binaries/write.o
                0x0000000000103c9b                write
 .text          0x0000000000103cfa       0x19 binaries/xdone.o
                0x0000000000103cfa                xdone
 .text          0x0000000000103d13       0x26 binaries/yield.o
                0x0000000000103d13                yield
 .text          0x0000000000103d39       0x11 binaries/abs.o
                0x0000000000103d39                abs
 .text          0x0000000000103d4a       0x73 binaries/atoi.o
                0x0000000000103d4a                atoi
 .text          0x0000000000103dbd       0x73 binaries/atol.o
                0x0000000000103dbd                atol
 .text          0x0000000000103e30       0x1a binaries/bzero.o
                0x0000000000103e30                bzero
 .text          0x0000000000103e4a        0x0 binaries/ctype_.o
 .text          0x0000000000103e4a      0x682 binaries/doprnt.o
                0x0000000000103f9a                _doprnt
 .text          0x00000000001044cc      0x576 binaries/doscan.o
                0x00000000001044cc                _doscan
 .text          0x0000000000104a42      0x635 binaries/fdoprnt.o
                0x0000000000104ac4                _fdoprnt
 .text          0x0000000000105077       0x1c binaries/fgetc.o
                0x0000000000105077                fgetc
 .text          0x0000000000105093       0x5d binaries/fgets.o
                0x0000000000105093                fgets
 .text          0x00000000001050f0       0x2e binaries/fprintf.o
                0x00000000001050f0                fprintf
 .text          0x000000000010511e       0x27 binaries/fputc.o
                0x000000000010511e                fputc
 .text          0x0000000000105145       0x3c binaries/fputs.o
                0x0000000000105145                fputs
 .text          0x0000000000105181       0x7b binaries/fscanf.o
                0x00000000001051bd                fscanf
 .text          0x00000000001051fc       0x28 binaries/getchar.o
                0x00000000001051fc                getchar
 .text          0x0000000000105224       0x11 binaries/labs.o
                0x0000000000105224                labs
 .text          0x0000000000105235       0x36 binaries/memchr.o
                0x0000000000105235                memchr
 .text          0x000000000010526b       0x4b binaries/memcmp.o
                0x000000000010526b                memcmp
 .text          0x00000000001052b6       0x26 binaries/memcpy.o
                0x00000000001052b6                memcpy
 .text          0x00000000001052dc       0x1f binaries/memset.o
                0x00000000001052dc                memset
 .text          0x00000000001052fb       0x43 binaries/printf.o
                0x00000000001052fb                printf
 .text          0x000000000010533e       0x2f binaries/putchar.o
                0x000000000010533e                putchar
 .text          0x000000000010536d      0x1c2 binaries/qsort.o
                0x0000000000105507                qsort
 .text          0x000000000010552f       0x4b binaries/rand.o
                0x000000000010552f                srand
                0x000000000010553c                rand
 .text          0x000000000010557a       0x55 binaries/sprintf.o
                0x0000000000105593                sprintf
 .text          0x00000000001055cf       0x6f binaries/sscanf.o
                0x00000000001055ff                sscanf
 .text          0x000000000010563e       0x35 binaries/strchr.o
                0x000000000010563e                strchr
 .text          0x0000000000105673       0x45 binaries/strcmp.o
                0x0000000000105673                strcmp
 .text          0x00000000001056b8       0x1c binaries/strcpy.o
                0x00000000001056b8                strcpy
 .text          0x00000000001056d4       0x20 binaries/strlen.o
                0x00000000001056d4                strlen
 .text          0x00000000001056f4       0x3c binaries/strncat.o
                0x00000000001056f4                strncat
 .text          0x0000000000105730       0x3b binaries/strncmp.o
                0x0000000000105730                strncmp
 .text          0x000000000010576b       0x59 binaries/strncpy.o
                0x000000000010576b                strncpy
 .text          0x00000000001057c4       0x32 binaries/strnlen.o
                0x00000000001057c4                strnlen
 .text          0x00000000001057f6       0x32 binaries/strrchr.o
                0x00000000001057f6                strrchr
 .text          0x0000000000105828       0x71 binaries/strstr.o
                0x0000000000105828                strstr
 .text          0x0000000000105899       0xbd binaries/ttycontrol.o
                0x0000000000105899                ttycontrol
 .text          0x0000000000105956       0x7e binaries/ttygetc.o
                0x0000000000105956                ttygetc
 .text          0x00000000001059d4      0x4a3 binaries/ttyhandle_in.o
                0x0000000000105a97                ttyhandle_in
 .text          0x0000000000105e77      0x170 binaries/ttyhandle_out.o
                0x0000000000105e77                ttyhandle_out
 .text          0x0000000000105fe7       0x87 binaries/ttyhandler.o
                0x0000000000105fe7                ttyhandler
 .text          0x000000000010606e      0x151 binaries/ttyinit.o
                0x000000000010606e                ttyinit
 .text          0x00000000001061bf        0xf binaries/ttykickout.o
                0x00000000001061bf                ttykickout
 .text          0x00000000001061ce       0x95 binaries/ttyputc.o
                0x00000000001061ce                ttyputc
 .text          0x0000000000106263       0xec binaries/ttyread.o
                0x0000000000106263                ttyread
 .text          0x000000000010634f       0x4e binaries/ttywrite.o
                0x000000000010634f                ttywrite
 .text          0x000000000010639d      0x110 binaries/mount.o
                0x000000000010639d                namlen
                0x00000000001063d9                mount
 .text          0x00000000001064ad      0x205 binaries/naminit.o
                0x00000000001064ad                naminit
 .text          0x00000000001066b2      0x203 binaries/nammap.o
                0x00000000001066b2                namrepl
                0x00000000001067c5                namcpy
                0x0000000000106813                nammap
 .text          0x00000000001068b5       0x4e binaries/namopen.o
                0x00000000001068b5                namopen
 .text          0x0000000000106903       0xdd binaries/colon2mac.o
                0x0000000000106903                colon2mac
 .text          0x00000000001069e0       0x77 binaries/ethcontrol.o
                0x00000000001069e0                ethcontrol
 .text          0x0000000000106a57      0x106 binaries/ethhandler.o
                0x0000000000106a57                ethhandler
 .text          0x0000000000106b5d      0x4da binaries/ethinit.o
                0x0000000000106b5d                eth_phy_read
                0x0000000000106b9f                eth_phy_write
                0x0000000000106be2                eth_phy_reset
                0x0000000000106ce1                ethinit
 .text          0x0000000000107037      0x125 binaries/ethmcast.o
                0x0000000000107037                ethmcast_add
                0x000000000010708c                ethmcast_remove
 .text          0x000000000010715c      0x14b binaries/ethread.o
                0x000000000010715c                ethread
 .text          0x00000000001072a7       0xa6 binaries/ethwrite.o
                0x00000000001072a7                ethwrite
 .text          0x000000000010734d       0x65 binaries/rdsbufalloc.o
                0x000000000010734d                rdsbufalloc
 .text          0x00000000001073b2       0x82 binaries/rdsclose.o
                0x00000000001073b2                rdsclose
 .text          0x0000000000107434      0x1f1 binaries/rdscomm.o
                0x0000000000107434                rdscomm
 .text          0x0000000000107625      0x18f binaries/rdscontrol.o
                0x0000000000107625                rdscontrol
 .text          0x00000000001077b4      0x183 binaries/rdsinit.o
                0x00000000001077b4                rdsinit
 .text          0x0000000000107937      0x15b binaries/rdsopen.o
                0x0000000000107937                rdsopen
 .text          0x0000000000107a92      0x2e4 binaries/rdsprocess.o
                0x0000000000107a92                rdsprocess
 .text          0x0000000000107d76      0x18b binaries/rdsread.o
                0x0000000000107d76                rdsread
 .text          0x0000000000107f01      0x141 binaries/rdswrite.o
                0x0000000000107f01                rdswrite
 .text          0x0000000000108042        0xa binaries/ramclose.o
                0x0000000000108042                ramclose
 .text          0x000000000010804c       0x45 binaries/raminit.o
                0x000000000010804c                raminit
 .text          0x0000000000108091        0xa binaries/ramopen.o
                0x0000000000108091                ramopen
 .text          0x000000000010809b       0x2f binaries/ramread.o
                0x000000000010809b                ramread
 .text          0x00000000001080ca       0x2f binaries/ramwrite.o
                0x00000000001080ca                ramwrite
 .text          0x00000000001080f9       0x94 binaries/lfdballoc.o
                0x00000000001080f9                lfdballoc
 .text          0x000000000010818d       0x5d binaries/lfdbfree.o
                0x000000000010818d                lfdbfree
 .text          0x00000000001081ea       0xad binaries/lfflush.o
                0x00000000001081ea                lfflush
 .text          0x0000000000108297       0x82 binaries/lfgetmode.o
                0x0000000000108297                lfgetmode
 .text          0x0000000000108319       0x6a binaries/lfiballoc.o
                0x0000000000108319                lfiballoc
 .text          0x0000000000108383       0x27 binaries/lfibclear.o
                0x0000000000108383                lfibclear
 .text          0x00000000001083aa       0x75 binaries/lfibget.o
                0x00000000001083aa                lfibget
 .text          0x000000000010841f       0x9d binaries/lfibput.o
                0x000000000010841f                lfibput
 .text          0x00000000001084bc       0x79 binaries/lflclose.o
                0x00000000001084bc                lflclose
 .text          0x0000000000108535       0xa3 binaries/lflcontrol.o
                0x0000000000108535                lflcontrol
 .text          0x00000000001085d8       0xa1 binaries/lflgetc.o
                0x00000000001085d8                lflgetc
 .text          0x0000000000108679       0xbb binaries/lflinit.o
                0x0000000000108679                lflinit
 .text          0x0000000000108734       0xbc binaries/lflputc.o
                0x0000000000108734                lflputc
 .text          0x00000000001087f0       0x6b binaries/lflread.o
                0x00000000001087f0                lflread
 .text          0x000000000010885b       0x84 binaries/lflseek.o
                0x000000000010885b                lflseek
 .text          0x00000000001088df       0x5a binaries/lflwrite.o
                0x00000000001088df                lflwrite
 .text          0x0000000000108939      0x126 binaries/lfsckfmt.o
                0x0000000000108939                lfsckfmt
 .text          0x0000000000108a5f      0x201 binaries/lfscreate.o
                0x0000000000108a5f                lfscreate
 .text          0x0000000000108c60      0x1b8 binaries/lfsetup.o
                0x0000000000108c60                lfsetup
 .text          0x0000000000108e18       0x52 binaries/lfsinit.o
                0x0000000000108e18                lfsinit
 .text          0x0000000000108e6a      0x2ab binaries/lfsopen.o
                0x0000000000108e6a                lfsopen
 .text          0x0000000000109115      0x117 binaries/lftruncate.o
                0x0000000000109115                lftruncate
 .text          0x000000000010922c       0x5a binaries/rflclose.o
                0x000000000010922c                rflclose
 .text          0x0000000000109286       0x32 binaries/rflgetc.o
                0x0000000000109286                rflgetc
 .text          0x00000000001092b8       0x4e binaries/rflinit.o
                0x00000000001092b8                rflinit
 .text          0x0000000000109306       0x37 binaries/rflputc.o
                0x0000000000109306                rflputc
 .text          0x000000000010933d      0x285 binaries/rflread.o
                0x000000000010933d                rflread
 .text          0x00000000001095c2       0x5f binaries/rflseek.o
                0x00000000001095c2                rflseek
 .text          0x0000000000109621      0x2c5 binaries/rflwrite.o
                0x0000000000109621                rflwrite
 .text          0x00000000001098e6      0x183 binaries/rfscomm.o
                0x00000000001098e6                rfscomm
 .text          0x0000000000109a69      0x232 binaries/rfscontrol.o
                0x0000000000109a69                rfscontrol
 .text          0x0000000000109c9b       0x82 binaries/rfsgetmode.o
                0x0000000000109c9b                rfsgetmode
 .text          0x0000000000109d1d       0x77 binaries/rfsinit.o
                0x0000000000109d1d                rfsinit
 .text          0x0000000000109d94       0xb1 binaries/rfsndmsg.o
                0x0000000000109d94                rfsndmsg
 .text          0x0000000000109e45      0x220 binaries/rfsopen.o
                0x0000000000109e45                rfsopen
 .text          0x000000000010a065      0x645 binaries/arp.o
                0x000000000010a065                arp_init
                0x000000000010a081                arp_alloc
                0x000000000010a135                arp_ntoh
                0x000000000010a1a2                arp_hton
                0x000000000010a20f                arp_resolve
                0x000000000010a47d                arp_in
 .text          0x000000000010a6aa      0x667 binaries/dhcp.o
                0x000000000010a6aa                dhcp_get_opt_val
                0x000000000010a6fe                dhcp_bld_bootp_msg
                0x000000000010a7ff                dhcp_bld_disc
                0x000000000010a854                dhcp_bld_req
                0x000000000010a8f3                getlocalip
 .text          0x000000000010ad11       0xe0 binaries/dot2ip.o
                0x000000000010ad11                dot2ip
 .text          0x000000000010adf1      0x373 binaries/hexdump.o
                0x000000000010adf1                hexdump
                0x000000000010af2a                hexadump
 .text          0x000000000010b164      0x5fb binaries/icmp.o
                0x000000000010b164                icmp_init
                0x000000000010b180                icmp_register
                0x000000000010b235                icmp_recv
                0x000000000010b386                icmp_mkpkt
                0x000000000010b45d                icmp_in
                0x000000000010b599                icmp_send
                0x000000000010b615                icmp_release
                0x000000000010b6d2                icmp_cksum
                0x000000000010b731                icmp_hton
                0x000000000010b748                icmp_ntoh
 .text          0x000000000010b75f      0x57c binaries/ip.o
                0x000000000010b75f                ip_local
                0x000000000010b793                ipcksum
                0x000000000010b7e7                ip_ntoh
                0x000000000010b854                ip_in
                0x000000000010b94c                ip_hton
                0x000000000010b9b9                ip_out
                0x000000000010ba70                ip_send
                0x000000000010bb6e                ipout
                0x000000000010bc4d                ip_enqueue
 .text          0x000000000010bcdb      0x1dd binaries/net.o
                0x000000000010bcdb                net_init
                0x000000000010be17                eth_hton
                0x000000000010be24                eth_ntoh
                0x000000000010be31                netin
 .text          0x000000000010beb8       0xd7 binaries/netstart.o
                0x000000000010beb8                netstart
 .text          0x000000000010bf8f      0xb45 binaries/pdump.o
                0x000000000010bf8f                pdump
                0x000000000010c5ff                pdumph
 .text          0x000000000010cad4      0x5ce binaries/tftp.o
                0x000000000010cad4                tftp_send1
                0x000000000010cc00                tftpget_mb
                0x000000000010d069                tftpget
 .text          0x000000000010d0a2      0x7f1 binaries/udp.o
                0x000000000010d0a2                udp_init
                0x000000000010d0e3                udp_in
                0x000000000010d1a4                udp_register
                0x000000000010d290                udp_recv
                0x000000000010d3b0                udp_recvaddr
                0x000000000010d4e5                udp_send
                0x000000000010d65b                udp_sendto
                0x000000000010d7a8                udp_release
                0x000000000010d865                udp_ntoh
                0x000000000010d87c                udp_hton
 .text          0x000000000010d893       0xff binaries/addargs.o
                0x000000000010d893                addargs
 .text          0x000000000010d992      0x1f1 binaries/lexan.o
                0x000000000010d992                lexan
 .text          0x000000000010db83      0x6ad binaries/shell.o
                0x000000000010db83                shell
 .text          0x000000000010e230       0x5d binaries/xsh_argecho.o
                0x000000000010e230                xsh_argecho
 .text          0x000000000010e28d      0x1d4 binaries/xsh_arp.o
                0x000000000010e28d                xsh_arp
 .text          0x000000000010e461      0x220 binaries/xsh_cat.o
                0x000000000010e461                xsh_cat
 .text          0x000000000010e681       0x57 binaries/xsh_clear.o
                0x000000000010e681                xsh_clear
 .text          0x000000000010e6d8      0x2bd binaries/xsh_date.o
                0x000000000010e6d8                xsh_date
 .text          0x000000000010e995       0x92 binaries/xsh_devdump.o
                0x000000000010e995                xsh_devdump
 .text          0x000000000010ea27       0x62 binaries/xsh_echo.o
                0x000000000010ea27                xsh_echo
 .text          0x000000000010ea89        0xa binaries/xsh_exit.o
                0x000000000010ea89                xsh_exit
 .text          0x000000000010ea93      0x332 binaries/xsh_help.o
                0x000000000010ea93                xsh_help
 .text          0x000000000010edc5      0x42d binaries/xsh_ipaddr.o
                0x000000000010edc5                xsh_ipaddr
 .text          0x000000000010f1f2      0x1fb binaries/xsh_kill.o
                0x000000000010f1f2                xsh_kill
 .text          0x000000000010f3ed      0x402 binaries/xsh_memdump.o
                0x000000000010f4a7                xsh_memdump
 .text          0x000000000010f7ef      0x1fd binaries/xsh_memstat.o
                0x000000000010f7ef                xsh_memstat
 .text          0x000000000010f9ec      0x31c binaries/xsh_ping.o
                0x000000000010f9ec                xsh_ping
 .text          0x000000000010fd08      0x1fe binaries/xsh_ps.o
                0x000000000010fd08                xsh_ps
 .text          0x000000000010ff06      0x1e9 binaries/xsh_sleep.o
                0x000000000010ff06                xsh_sleep
 .text          0x00000000001100ef      0x22a binaries/xsh_udpdump.o
                0x00000000001100ef                xsh_udpdump
 .text          0x0000000000110319      0x454 binaries/xsh_udpecho.o
                0x0000000000110319                xsh_udpecho
 .text          0x000000000011076d      0x27d binaries/xsh_udpeserver.o
                0x000000000011076d                xsh_udpeserver
 .text          0x00000000001109ea      0x1cd binaries/xsh_uptime.o
                0x00000000001109ea                xsh_uptime
 .text          0x0000000000110bb7        0xe binaries/clkdisp.o
                0x0000000000110bb7                clkdisp
 .text          0x0000000000110bc5       0x19 binaries/ctxsw.o
                0x0000000000110bc5                ctxsw
 .text          0x0000000000110bde       0x10 binaries/host2netl_asm.o
                0x0000000000110bde                host2netl_asm
 .text          0x0000000000110bee      0x36b binaries/intr.o
                0x0000000000110bee                disable
                0x0000000000110bf7                restore
                0x0000000000110c05                enable
                0x0000000000110c07                pause
                0x0000000000110c0e                halt
                0x0000000000110c14                spurious_irq7
                0x0000000000110c19                spurious_irq15
                0x0000000000110c28                _Xint0
                0x0000000000110c33                _Xint1
                0x0000000000110c3e                _Xint2
                0x0000000000110c49                _Xint3
                0x0000000000110c54                _Xint4
                0x0000000000110c5f                _Xint5
                0x0000000000110c6a                _Xint6
                0x0000000000110c75                _Xint7
                0x0000000000110c80                _Xint8
                0x0000000000110c8b                _Xint9
                0x0000000000110c96                _Xint10
                0x0000000000110ca1                _Xint11
                0x0000000000110caf                _Xint12
                0x0000000000110cbd                _Xint13
                0x0000000000110ccb                _Xint14
                0x0000000000110cd9                _Xint15
                0x0000000000110ce7                _Xint16
                0x0000000000110cf5                _Xint17
                0x0000000000110d03                _Xint18
                0x0000000000110d11                _Xint19
                0x0000000000110d1f                _Xint20
                0x0000000000110d2d                _Xint21
                0x0000000000110d3b                _Xint22
                0x0000000000110d49                _Xint23
                0x0000000000110d57                _Xint24
                0x0000000000110d65                _Xint25
                0x0000000000110d73                _Xint26
                0x0000000000110d81                _Xint27
                0x0000000000110d8f                _Xint28
                0x0000000000110d9d                _Xint29
                0x0000000000110dab                _Xint30
                0x0000000000110db9                _Xint31
                0x0000000000110dc7                _Xint32
                0x0000000000110dd5                _Xint33
                0x0000000000110de3                _Xint34
                0x0000000000110df1                _Xint35
                0x0000000000110dff                _Xint36
                0x0000000000110e0d                _Xint37
                0x0000000000110e1b                _Xint38
                0x0000000000110e29                _Xint39
                0x0000000000110e37                _Xint40
                0x0000000000110e45                _Xint41
                0x0000000000110e53                _Xint42
                0x0000000000110e61                _Xint43
                0x0000000000110e6f                _Xint44
                0x0000000000110e7d                _Xint45
                0x0000000000110e8b                _Xint46
                0x0000000000110e99                defevec
 .text          0x0000000000110f59       0x10 binaries/net2hostl_asm.o
                0x0000000000110f59                net2hostl_asm
 .text          0x0000000000110f69        0xf binaries/ttydispatch.o
                0x0000000000110f69                ttydispatch
 .text          0x0000000000110f78       0x13 binaries/ethdispatch.o
                0x0000000000110f78                ethdispatch
 *(.rodata .rodata.*)
 .rodata.str1.1
                0x0000000000110f8b       0x54 binaries/ascdate.o
 *fill*         0x0000000000110fdf        0x1 
 .rodata.str1.4
                0x0000000000110fe0       0x22 binaries/ascdate.o
 .rodata.str1.1
                0x0000000000111002       0x5f binaries/conf.o
 *fill*         0x0000000000111061        0x3 
 .rodata.str1.4
                0x0000000000111064       0x4f binaries/early_imr.o
 .rodata        0x00000000001110b3       0x30 binaries/early_imr.o
 .rodata.str1.1
                0x00000000001110e3      0x20c binaries/evec.o
 *fill*         0x00000000001112ef        0x1 
 .rodata.str1.4
                0x00000000001112f0       0x23 binaries/evec.o
 .rodata.str1.1
                0x0000000000111313        0xb binaries/getutime.o
 *fill*         0x000000000011131e        0x2 
 .rodata.str1.4
                0x0000000000111320       0x54 binaries/getutime.o
 .rodata.str1.1
                0x0000000000111374       0xbd binaries/initialize.o
                                         0xc1 (size before relaxing)
 *fill*         0x0000000000111431        0x3 
 .rodata.str1.4
                0x0000000000111434       0xd4 binaries/initialize.o
 .rodata        0x0000000000111508       0x20 binaries/kill.o
 .rodata.str1.1
                0x0000000000111528       0x25 binaries/main.o
 *fill*         0x000000000011154d        0x3 
 .rodata.str1.4
                0x0000000000111550      0x16b binaries/main.o
 *fill*         0x00000000001116bb        0x1 
 .rodata.str1.4
                0x00000000001116bc       0x23 binaries/meminit.o
 .rodata.str1.1
                0x00000000001116df       0x1b binaries/meminit.o
 .rodata.str1.1
                0x00000000001116fa        0xf binaries/panic.o
 .rodata.str1.1
                0x0000000000111709       0x1e binaries/printloop.o
 *fill*         0x0000000000111727        0x1 
 .rodata.str1.4
                0x0000000000111728       0x2b binaries/printprocstks.o
 .rodata.str1.1
                0x0000000000111753       0x51 binaries/printprocstks.o
 .rodata.str1.4
                0x00000000001117a4      0x16d binaries/printsegaddress.o
 .rodata.str1.1
                0x0000000000111911       0x1c binaries/ptinit.o
 *fill*         0x000000000011192d        0x3 
 .rodata.str1.4
                0x0000000000111930       0x25 binaries/ptsend.o
 .rodata.str1.1
                0x0000000000111955       0x22 binaries/quark_pdat.o
 *fill*         0x0000000000111977        0x1 
 .rodata.str1.4
                0x0000000000111978       0x63 binaries/stacktrace.o
 .rodata.str1.1
                0x00000000001119db       0x52 binaries/stacktrace.o
 *fill*         0x0000000000111a2d        0x3 
 .rodata.str1.4
                0x0000000000111a30       0x27 binaries/xdone.o
 *fill*         0x0000000000111a57        0x9 
 .rodata        0x0000000000111a60       0x81 binaries/ctype_.o
                0x0000000000111a60                _ctype_
 .rodata.str1.1
                0x0000000000111ae1       0x29 binaries/doprnt.o
 *fill*         0x0000000000111b0a        0x2 
 .rodata        0x0000000000111b0c       0xc4 binaries/doprnt.o
 .rodata        0x0000000000111bd0       0x98 binaries/doscan.o
 .rodata.str1.1
                0x0000000000000000       0x29 binaries/fdoprnt.o
 .rodata        0x0000000000111c68       0x84 binaries/fdoprnt.o
 .rodata        0x0000000000111cec       0x20 binaries/ttycontrol.o
 .rodata.str1.4
                0x0000000000111d0c       0x4c binaries/naminit.o
 .rodata.str1.1
                0x0000000000111d58       0x32 binaries/naminit.o
                                         0x35 (size before relaxing)
 .rodata.str1.1
                0x0000000000111d8a       0x15 binaries/ethinit.o
 *fill*         0x0000000000111d9f        0x1 
 .rodata.str1.4
                0x0000000000111da0       0x2e binaries/ethinit.o
 *fill*         0x0000000000111dce        0x2 
 .rodata.str1.4
                0x0000000000111dd0       0x2c binaries/rdsbufalloc.o
 .rodata.str1.4
                0x0000000000111dfc       0x76 binaries/rdscomm.o
 *fill*         0x0000000000111e72        0x2 
 .rodata.str1.4
                0x0000000000111e74       0x48 binaries/rdscontrol.o
 .rodata.str1.4
                0x0000000000111ebc       0x7e binaries/rdsinit.o
 .rodata.str1.1
                0x0000000000111f3a       0x18 binaries/rdsinit.o
 *fill*         0x0000000000111f52        0x2 
 .rodata.str1.4
                0x0000000000111f54       0x22 binaries/rdsopen.o
 *fill*         0x0000000000111f76        0x2 
 .rodata.str1.4
                0x0000000000111f78       0x4d binaries/rdsprocess.o
 .rodata.str1.1
                0x0000000000111fc5        0x9 binaries/raminit.o
 .rodata.str1.1
                0x0000000000111fce       0x13 binaries/lfdballoc.o
 *fill*         0x0000000000111fe1        0x3 
 .rodata.str1.4
                0x0000000000111fe4       0x23 binaries/lfdballoc.o
 .rodata.str1.1
                0x0000000000112007       0x14 binaries/lfiballoc.o
 *fill*         0x000000000011201b        0x1 
 .rodata.str1.4
                0x000000000011201c       0x23 binaries/lflcontrol.o
 .rodata.str1.1
                0x000000000011203f       0x64 binaries/lfsckfmt.o
 *fill*         0x00000000001120a3        0x1 
 .rodata.str1.4
                0x00000000001120a4       0x51 binaries/lfsckfmt.o
 *fill*         0x00000000001120f5        0x3 
 .rodata.str1.4
                0x00000000001120f8       0x21 binaries/rflread.o
 .rodata.str1.4
                0x0000000000000000       0x21 binaries/rflwrite.o
 *fill*         0x0000000000112119        0x3 
 .rodata.str1.4
                0x000000000011211c       0x75 binaries/rfscomm.o
 *fill*         0x0000000000112191        0x3 
 .rodata.str1.4
                0x0000000000112194       0x23 binaries/rfscontrol.o
 *fill*         0x00000000001121b7        0x1 
 .rodata        0x00000000001121b8       0x18 binaries/rfscontrol.o
 .rodata.str1.1
                0x0000000000000000       0x10 binaries/rfsinit.o
 .rodata.str1.4
                0x00000000001121d0       0x57 binaries/rfsinit.o
 *fill*         0x0000000000112227        0x1 
 .rodata.str1.4
                0x0000000000112228       0x2a binaries/rfsndmsg.o
 .rodata.str1.4
                0x0000000000000000       0x22 binaries/rfsopen.o
 .rodata.str1.1
                0x0000000000112252       0x19 binaries/arp.o
 *fill*         0x000000000011226b        0x1 
 .rodata.str1.4
                0x000000000011226c       0x21 binaries/arp.o
 *fill*         0x000000000011228d        0x3 
 .rodata.str1.4
                0x0000000000112290       0xa6 binaries/dhcp.o
 .rodata.str1.1
                0x0000000000112336       0x4a binaries/dhcp.o
 .rodata.str1.1
                0x0000000000112380       0x5a binaries/hexdump.o
                                         0x61 (size before relaxing)
 *fill*         0x00000000001123da        0x2 
 .rodata.str1.4
                0x00000000001123dc       0x67 binaries/hexdump.o
 *fill*         0x0000000000112443        0x1 
 .rodata.str1.4
                0x0000000000112444       0x29 binaries/icmp.o
 .rodata.str1.1
                0x000000000011246d       0x4e binaries/ip.o
 *fill*         0x00000000001124bb        0x1 
 .rodata.str1.4
                0x00000000001124bc       0x20 binaries/ip.o
 .rodata.str1.4
                0x00000000001124dc       0x28 binaries/net.o
 .rodata.str1.1
                0x0000000000112504       0x27 binaries/net.o
 *fill*         0x000000000011252b        0x1 
 .rodata.str1.4
                0x000000000011252c       0xcf binaries/netstart.o
 .rodata.str1.1
                0x00000000001125fb      0x141 binaries/pdump.o
                                        0x14b (size before relaxing)
 .rodata.str1.4
                0x000000000011273c      0x126 binaries/pdump.o
 *fill*         0x0000000000112862        0x2 
 .rodata.str1.4
                0x0000000000112864      0x148 binaries/tftp.o
 .rodata.str1.1
                0x00000000001129ac        0x6 binaries/tftp.o
                                          0xa (size before relaxing)
 .rodata.str1.1
                0x00000000001129b2       0xe3 binaries/shell.o
                                         0xff (size before relaxing)
 *fill*         0x0000000000112a95        0x3 
 .rodata.str1.4
                0x0000000000112a98      0x1c4 binaries/shell.o
 *fill*         0x0000000000112c5c        0x4 
 .rodata        0x0000000000112c60       0xfc binaries/shell.o
                0x0000000000112c60                cmdtab
 .rodata.str1.1
                0x0000000000112d5c       0x26 binaries/xsh_argecho.o
                                         0x28 (size before relaxing)
 .rodata.str1.1
                0x0000000000112d82       0x70 binaries/xsh_arp.o
                                         0x72 (size before relaxing)
 *fill*         0x0000000000112df2        0x2 
 .rodata.str1.4
                0x0000000000112df4       0xb4 binaries/xsh_arp.o
 .rodata.str1.1
                0x0000000000112ea8       0x2d binaries/xsh_cat.o
                                         0x4f (size before relaxing)
 *fill*         0x0000000000112ed5        0x3 
 .rodata.str1.4
                0x0000000000112ed8       0x52 binaries/xsh_cat.o
                                         0x79 (size before relaxing)
 .rodata.str1.1
                0x0000000000112f2a       0x15 binaries/xsh_clear.o
 .rodata.str1.1
                0x0000000000112f3f       0x46 binaries/xsh_date.o
                                         0x5f (size before relaxing)
 *fill*         0x0000000000112f85        0x3 
 .rodata.str1.4
                0x0000000000112f88      0x163 binaries/xsh_date.o
 .rodata.str1.1
                0x00000000001130eb       0x5d binaries/xsh_devdump.o
 .rodata.str1.1
                0x0000000000113148        0x4 binaries/xsh_echo.o
                                          0x9 (size before relaxing)
 .rodata.str1.1
                0x000000000011314c       0x65 binaries/xsh_help.o
                                         0xa3 (size before relaxing)
 *fill*         0x00000000001131b1        0x3 
 .rodata.str1.4
                0x00000000001131b4       0x7c binaries/xsh_help.o
                                         0xc6 (size before relaxing)
 .rodata.str1.1
                0x0000000000113230       0x9c binaries/xsh_ipaddr.o
                                         0xf8 (size before relaxing)
 .rodata.str1.4
                0x00000000001132cc       0x4d binaries/xsh_ipaddr.o
                                         0x99 (size before relaxing)
 .rodata.str1.1
                0x0000000000113319       0x78 binaries/xsh_kill.o
                                         0x97 (size before relaxing)
 *fill*         0x0000000000113391        0x3 
 .rodata.str1.4
                0x0000000000113394       0x4a binaries/xsh_kill.o
                                         0x96 (size before relaxing)
 .rodata.str1.1
                0x00000000001133de       0x84 binaries/xsh_memdump.o
                                         0xa8 (size before relaxing)
 *fill*         0x0000000000113462        0x2 
 .rodata.str1.4
                0x0000000000113464      0x15a binaries/xsh_memdump.o
                                        0x1aa (size before relaxing)
 .rodata.str1.1
                0x00000000001135be       0x40 binaries/xsh_memstat.o
                                         0x79 (size before relaxing)
 *fill*         0x00000000001135fe        0x2 
 .rodata.str1.4
                0x0000000000113600      0x187 binaries/xsh_memstat.o
                                        0x1af (size before relaxing)
 .rodata.str1.1
                0x0000000000113787       0x90 binaries/xsh_ping.o
                                         0xaf (size before relaxing)
 *fill*         0x0000000000113817        0x1 
 .rodata.str1.4
                0x0000000000113818       0x77 binaries/xsh_ping.o
                                         0xc6 (size before relaxing)
 .rodata.str1.1
                0x000000000011388f       0x74 binaries/xsh_ps.o
                                         0xd5 (size before relaxing)
 *fill*         0x0000000000113903        0x1 
 .rodata.str1.4
                0x0000000000113904       0x80 binaries/xsh_ps.o
                                         0xd0 (size before relaxing)
 *fill*         0x0000000000113984       0x1c 
 .rodata        0x00000000001139a0       0x20 binaries/xsh_ps.o
 .rodata.str1.1
                0x00000000001139c0       0x31 binaries/xsh_sleep.o
                                         0x72 (size before relaxing)
 *fill*         0x00000000001139f1        0x3 
 .rodata.str1.4
                0x00000000001139f4       0x2a binaries/xsh_sleep.o
                                         0x7a (size before relaxing)
 .rodata.str1.1
                0x0000000000113a1e       0x6b binaries/xsh_udpdump.o
                                         0xd2 (size before relaxing)
 *fill*         0x0000000000113a89        0x3 
 .rodata.str1.4
                0x0000000000113a8c       0x94 binaries/xsh_udpdump.o
                                         0xe4 (size before relaxing)
 .rodata.str1.1
                0x0000000000113b20       0xdb binaries/xsh_udpecho.o
                                         0xfa (size before relaxing)
 *fill*         0x0000000000113bfb        0x1 
 .rodata.str1.4
                0x0000000000113bfc       0xc7 binaries/xsh_udpecho.o
                                        0x116 (size before relaxing)
 .rodata.str1.1
                0x0000000000113cc3       0x66 binaries/xsh_udpeserver.o
                                         0x8f (size before relaxing)
 *fill*         0x0000000000113d29        0x3 
 .rodata.str1.4
                0x0000000000113d2c       0x29 binaries/xsh_udpeserver.o
                                         0x9f (size before relaxing)
 .rodata.str1.1
                0x0000000000113d55       0x49 binaries/xsh_uptime.o
                                         0x8c (size before relaxing)
 *fill*         0x0000000000113d9e        0x2 
 .rodata.str1.4
                0x0000000000113da0       0x28 binaries/xsh_uptime.o
                                         0x76 (size before relaxing)
                0x0000000000113dc8                etext = ABSOLUTE (.)
                0x0000000000114000                . = ALIGN (0x1000)
 *fill*         0x0000000000113dc8      0x238 

.eh_frame       0x0000000000114000     0x2fd8
 .eh_frame      0x0000000000114000       0x48 binaries/ascdate.o
 .eh_frame      0x0000000000114048       0x20 binaries/bufinit.o
                                         0x38 (size before relaxing)
 .eh_frame      0x0000000000114068       0x2c binaries/chprio.o
                                         0x44 (size before relaxing)
 .eh_frame      0x0000000000114094       0x20 binaries/clkhandler.o
                                         0x38 (size before relaxing)
 .eh_frame      0x00000000001140b4       0x20 binaries/clkinit.o
                                         0x38 (size before relaxing)
 .eh_frame      0x00000000001140d4       0x28 binaries/close.o
                                         0x40 (size before relaxing)
 .eh_frame      0x00000000001140fc       0x28 binaries/control.o
                                         0x40 (size before relaxing)
 .eh_frame      0x0000000000114124       0x30 binaries/create.o
                                         0x48 (size before relaxing)
 .eh_frame      0x0000000000114154       0x94 binaries/early_imr.o
                                         0xac (size before relaxing)
 .eh_frame      0x00000000001141e8       0x9c binaries/evec.o
                                         0xb4 (size before relaxing)
 .eh_frame      0x0000000000114284       0x28 binaries/freebuf.o
                                         0x40 (size before relaxing)
 .eh_frame      0x00000000001142ac       0x2c binaries/freemem.o
                                         0x44 (size before relaxing)
 .eh_frame      0x00000000001142d8       0x2c binaries/getbuf.o
                                         0x44 (size before relaxing)
 .eh_frame      0x0000000000114304       0x28 binaries/getc.o
                                         0x40 (size before relaxing)
 .eh_frame      0x000000000011432c       0x2c binaries/getdev.o
                                         0x44 (size before relaxing)
 .eh_frame      0x0000000000114358       0x64 binaries/getitem.o
                                         0x7c (size before relaxing)
 .eh_frame      0x00000000001143bc       0x28 binaries/getmem.o
                                         0x40 (size before relaxing)
 .eh_frame      0x00000000001143e4       0x20 binaries/getpid.o
                                         0x38 (size before relaxing)
 .eh_frame      0x0000000000114404       0x24 binaries/getprio.o
                                         0x3c (size before relaxing)
 .eh_frame      0x0000000000114428       0x2c binaries/getstk.o
                                         0x44 (size before relaxing)
 .eh_frame      0x0000000000114454       0x20 binaries/gettime.o
                                         0x38 (size before relaxing)
 .eh_frame      0x0000000000114474       0x28 binaries/getutime.o
                                         0x40 (size before relaxing)
 .eh_frame      0x000000000011449c       0x28 binaries/init.o
                                         0x40 (size before relaxing)
 .eh_frame      0x00000000001144c4       0x8c binaries/initialize.o
                                         0xa4 (size before relaxing)
 .eh_frame      0x0000000000114550       0x28 binaries/insert.o
                                         0x40 (size before relaxing)
 .eh_frame      0x0000000000114578       0x2c binaries/insertd.o
                                         0x44 (size before relaxing)
 .eh_frame      0x00000000001145a4       0x20 binaries/ioerr.o
                                         0x38 (size before relaxing)
 .eh_frame      0x00000000001145c4       0x20 binaries/ionull.o
                                         0x38 (size before relaxing)
 .eh_frame      0x00000000001145e4       0x30 binaries/kill.o
                                         0x48 (size before relaxing)
 .eh_frame      0x0000000000114614       0x80 binaries/kprintf.o
                                         0x98 (size before relaxing)
 .eh_frame      0x0000000000114694       0x20 binaries/main.o
                                         0x38 (size before relaxing)
 .eh_frame      0x00000000001146b4       0x44 binaries/mark.o
                                         0x5c (size before relaxing)
 .eh_frame      0x00000000001146f8       0x50 binaries/meminit.o
                                         0x68 (size before relaxing)
 .eh_frame      0x0000000000114748       0x30 binaries/mkbufpool.o
                                         0x48 (size before relaxing)
 .eh_frame      0x0000000000114778       0x20 binaries/newqueue.o
                                         0x38 (size before relaxing)
 .eh_frame      0x0000000000114798       0x28 binaries/open.o
                                         0x40 (size before relaxing)
 .eh_frame      0x00000000001147c0       0x1c binaries/panic.o
                                         0x34 (size before relaxing)
 .eh_frame      0x00000000001147dc      0x12c binaries/pci.o
                                        0x144 (size before relaxing)
 .eh_frame      0x0000000000114908       0x20 binaries/platinit.o
                                         0x38 (size before relaxing)
 .eh_frame      0x0000000000114928       0x28 binaries/printloop.o
                                         0x40 (size before relaxing)
 .eh_frame      0x0000000000114950       0x2c binaries/printprocstks.o
                                         0x44 (size before relaxing)
 .eh_frame      0x000000000011497c       0x2c binaries/printsegaddress.o
                                         0x44 (size before relaxing)
 .eh_frame      0x00000000001149a8       0x2c binaries/ptclear.o
                                         0x44 (size before relaxing)
 .eh_frame      0x00000000001149d4       0x2c binaries/ptcount.o
                                         0x44 (size before relaxing)
 .eh_frame      0x0000000000114a00       0x2c binaries/ptcreate.o
                                         0x44 (size before relaxing)
 .eh_frame      0x0000000000114a2c       0x28 binaries/ptdelete.o
                                         0x40 (size before relaxing)
 .eh_frame      0x0000000000114a54       0x28 binaries/ptinit.o
                                         0x40 (size before relaxing)
 .eh_frame      0x0000000000114a7c       0x2c binaries/ptrecv.o
                                         0x44 (size before relaxing)
 .eh_frame      0x0000000000114aa8       0x28 binaries/ptreset.o
                                         0x40 (size before relaxing)
 .eh_frame      0x0000000000114ad0       0x2c binaries/ptsend.o
                                         0x44 (size before relaxing)
 .eh_frame      0x0000000000114afc       0x2c binaries/putc.o
                                         0x44 (size before relaxing)
 .eh_frame      0x0000000000114b28       0x24 binaries/quark_irq.o
                                         0x3c (size before relaxing)
 .eh_frame      0x0000000000114b4c       0x54 binaries/quark_pdat.o
                                         0x6c (size before relaxing)
 .eh_frame      0x0000000000114ba0       0x44 binaries/queue.o
                                         0x5c (size before relaxing)
 .eh_frame      0x0000000000114be4       0x28 binaries/read.o
                                         0x40 (size before relaxing)
 .eh_frame      0x0000000000114c0c       0x20 binaries/ready.o
                                         0x38 (size before relaxing)
 .eh_frame      0x0000000000114c2c       0x2c binaries/receive.o
                                         0x44 (size before relaxing)
 .eh_frame      0x0000000000114c58       0x24 binaries/recvclr.o
                                         0x3c (size before relaxing)
 .eh_frame      0x0000000000114c7c       0x2c binaries/recvtime.o
                                         0x44 (size before relaxing)
 .eh_frame      0x0000000000114ca8       0x4c binaries/resched.o
                                         0x64 (size before relaxing)
 .eh_frame      0x0000000000114cf4       0x2c binaries/resume.o
                                         0x44 (size before relaxing)
 .eh_frame      0x0000000000114d20       0x28 binaries/seek.o
                                         0x40 (size before relaxing)
 .eh_frame      0x0000000000114d48       0x24 binaries/semcount.o
                                         0x3c (size before relaxing)
 .eh_frame      0x0000000000114d6c       0x2c binaries/semcreate.o
                                         0x44 (size before relaxing)
 .eh_frame      0x0000000000114d98       0x28 binaries/semdelete.o
                                         0x40 (size before relaxing)
 .eh_frame      0x0000000000114dc0       0x2c binaries/semreset.o
                                         0x44 (size before relaxing)
 .eh_frame      0x0000000000114dec       0x28 binaries/send.o
                                         0x40 (size before relaxing)
 .eh_frame      0x0000000000114e14       0x28 binaries/signal.o
                                         0x40 (size before relaxing)
 .eh_frame      0x0000000000114e3c       0x2c binaries/signaln.o
                                         0x44 (size before relaxing)
 .eh_frame      0x0000000000114e68       0x48 binaries/sleep.o
                                         0x60 (size before relaxing)
 .eh_frame      0x0000000000114eb0       0x30 binaries/stacktrace.o
                                         0x48 (size before relaxing)
 .eh_frame      0x0000000000114ee0       0x2c binaries/suspend.o
                                         0x44 (size before relaxing)
 .eh_frame      0x0000000000114f0c       0x28 binaries/unsleep.o
                                         0x40 (size before relaxing)
 .eh_frame      0x0000000000114f34       0x20 binaries/userret.o
                                         0x38 (size before relaxing)
 .eh_frame      0x0000000000114f54       0x2c binaries/wait.o
                                         0x44 (size before relaxing)
 .eh_frame      0x0000000000114f80       0x20 binaries/wakeup.o
                                         0x38 (size before relaxing)
 .eh_frame      0x0000000000114fa0       0x28 binaries/write.o
                                         0x40 (size before relaxing)
 .eh_frame      0x0000000000114fc8       0x20 binaries/xdone.o
                                         0x38 (size before relaxing)
 .eh_frame      0x0000000000114fe8       0x24 binaries/yield.o
                                         0x3c (size before relaxing)
 .eh_frame      0x000000000011500c       0x20 binaries/abs.o
                                         0x38 (size before relaxing)
 .eh_frame      0x000000000011502c       0x28 binaries/atoi.o
                                         0x40 (size before relaxing)
 .eh_frame      0x0000000000115054       0x28 binaries/atol.o
                                         0x40 (size before relaxing)
 .eh_frame      0x000000000011507c       0x20 binaries/bzero.o
                                         0x38 (size before relaxing)
 .eh_frame      0x000000000011509c       0xac binaries/doprnt.o
                                         0xc4 (size before relaxing)
 .eh_frame      0x0000000000115148       0x30 binaries/doscan.o
                                         0x48 (size before relaxing)
 .eh_frame      0x0000000000115178       0x5c binaries/fdoprnt.o
                                         0x74 (size before relaxing)
 .eh_frame      0x00000000001151d4       0x20 binaries/fgetc.o
                                         0x38 (size before relaxing)
 .eh_frame      0x00000000001151f4       0x2c binaries/fgets.o
                                         0x44 (size before relaxing)
 .eh_frame      0x0000000000115220       0x20 binaries/fprintf.o
                                         0x38 (size before relaxing)
 .eh_frame      0x0000000000115240       0x20 binaries/fputc.o
                                         0x38 (size before relaxing)
 .eh_frame      0x0000000000115260       0x28 binaries/fputs.o
                                         0x40 (size before relaxing)
 .eh_frame      0x0000000000115288       0x64 binaries/fscanf.o
                                         0x7c (size before relaxing)
 .eh_frame      0x00000000001152ec       0x20 binaries/getchar.o
                                         0x38 (size before relaxing)
 .eh_frame      0x000000000011530c       0x20 binaries/labs.o
                                         0x38 (size before relaxing)
 .eh_frame      0x000000000011532c       0x20 binaries/memchr.o
                                         0x38 (size before relaxing)
 .eh_frame      0x000000000011534c       0x28 binaries/memcmp.o
                                         0x40 (size before relaxing)
 .eh_frame      0x0000000000115374       0x28 binaries/memcpy.o
                                         0x40 (size before relaxing)
 .eh_frame      0x000000000011539c       0x24 binaries/memset.o
                                         0x3c (size before relaxing)
 .eh_frame      0x00000000001153c0       0x20 binaries/printf.o
                                         0x38 (size before relaxing)
 .eh_frame      0x00000000001153e0       0x20 binaries/putchar.o
                                         0x38 (size before relaxing)
 .eh_frame      0x0000000000115400       0xa4 binaries/qsort.o
                                         0xbc (size before relaxing)
 .eh_frame      0x00000000001154a4       0x40 binaries/rand.o
                                         0x58 (size before relaxing)
 .eh_frame      0x00000000001154e4       0x48 binaries/sprintf.o
                                         0x60 (size before relaxing)
 .eh_frame      0x000000000011552c       0x60 binaries/sscanf.o
                                         0x78 (size before relaxing)
 .eh_frame      0x000000000011558c       0x24 binaries/strchr.o
                                         0x3c (size before relaxing)
 .eh_frame      0x00000000001155b0       0x24 binaries/strcmp.o
                                         0x3c (size before relaxing)
 .eh_frame      0x00000000001155d4       0x20 binaries/strcpy.o
                                         0x38 (size before relaxing)
 .eh_frame      0x00000000001155f4       0x20 binaries/strlen.o
                                         0x38 (size before relaxing)
 .eh_frame      0x0000000000115614       0x2c binaries/strncat.o
                                         0x44 (size before relaxing)
 .eh_frame      0x0000000000115640       0x24 binaries/strncmp.o
                                         0x3c (size before relaxing)
 .eh_frame      0x0000000000115664       0x2c binaries/strncpy.o
                                         0x44 (size before relaxing)
 .eh_frame      0x0000000000115690       0x20 binaries/strnlen.o
                                         0x38 (size before relaxing)
 .eh_frame      0x00000000001156b0       0x24 binaries/strrchr.o
                                         0x3c (size before relaxing)
 .eh_frame      0x00000000001156d4       0x2c binaries/strstr.o
                                         0x44 (size before relaxing)
 .eh_frame      0x0000000000115700       0x28 binaries/ttycontrol.o
                                         0x40 (size before relaxing)
 .eh_frame      0x0000000000115728       0x28 binaries/ttygetc.o
                                         0x40 (size before relaxing)
 .eh_frame      0x0000000000115750       0x84 binaries/ttyhandle_in.o
                                         0x9c (size before relaxing)
 .eh_frame      0x00000000001157d4       0x30 binaries/ttyhandle_out.o
                                         0x48 (size before relaxing)
 .eh_frame      0x0000000000115804       0x28 binaries/ttyhandler.o
                                         0x40 (size before relaxing)
 .eh_frame      0x000000000011582c       0x2c binaries/ttyinit.o
                                         0x44 (size before relaxing)
 .eh_frame      0x0000000000115858       0x20 binaries/ttykickout.o
                                         0x38 (size before relaxing)
 .eh_frame      0x0000000000115878       0x2c binaries/ttyputc.o
                                         0x44 (size before relaxing)
 .eh_frame      0x00000000001158a4       0x2c binaries/ttyread.o
                                         0x44 (size before relaxing)
 .eh_frame      0x00000000001158d0       0x2c binaries/ttywrite.o
                                         0x44 (size before relaxing)
 .eh_frame      0x00000000001158fc       0x4c binaries/mount.o
                                         0x64 (size before relaxing)
 .eh_frame      0x0000000000115948       0x30 binaries/naminit.o
                                         0x48 (size before relaxing)
 .eh_frame      0x0000000000115978       0x84 binaries/nammap.o
                                         0x9c (size before relaxing)
 .eh_frame      0x00000000001159fc       0x20 binaries/namopen.o
                                         0x38 (size before relaxing)
 .eh_frame      0x0000000000115a1c       0x2c binaries/colon2mac.o
                                         0x44 (size before relaxing)
 .eh_frame      0x0000000000115a48       0x20 binaries/ethcontrol.o
                                         0x38 (size before relaxing)
 .eh_frame      0x0000000000115a68       0x2c binaries/ethhandler.o
                                         0x44 (size before relaxing)
 .eh_frame      0x0000000000115a94       0x98 binaries/ethinit.o
                                         0xb0 (size before relaxing)
 .eh_frame      0x0000000000115b2c       0x54 binaries/ethmcast.o
                                         0x6c (size before relaxing)
 .eh_frame      0x0000000000115b80       0x30 binaries/ethread.o
                                         0x48 (size before relaxing)
 .eh_frame      0x0000000000115bb0       0x2c binaries/ethwrite.o
                                         0x44 (size before relaxing)
 .eh_frame      0x0000000000115bdc       0x24 binaries/rdsbufalloc.o
                                         0x3c (size before relaxing)
 .eh_frame      0x0000000000115c00       0x2c binaries/rdsclose.o
                                         0x44 (size before relaxing)
 .eh_frame      0x0000000000115c2c       0x30 binaries/rdscomm.o
                                         0x48 (size before relaxing)
 .eh_frame      0x0000000000115c5c       0x2c binaries/rdscontrol.o
                                         0x44 (size before relaxing)
 .eh_frame      0x0000000000115c88       0x30 binaries/rdsinit.o
                                         0x48 (size before relaxing)
 .eh_frame      0x0000000000115cb8       0x30 binaries/rdsopen.o
                                         0x48 (size before relaxing)
 .eh_frame      0x0000000000115ce8       0x20 binaries/rdsprocess.o
                                         0x38 (size before relaxing)
 .eh_frame      0x0000000000115d08       0x30 binaries/rdsread.o
                                         0x48 (size before relaxing)
 .eh_frame      0x0000000000115d38       0x30 binaries/rdswrite.o
                                         0x48 (size before relaxing)
 .eh_frame      0x0000000000115d68       0x20 binaries/ramclose.o
                                         0x38 (size before relaxing)
 .eh_frame      0x0000000000115d88       0x20 binaries/raminit.o
                                         0x38 (size before relaxing)
 .eh_frame      0x0000000000115da8       0x20 binaries/ramopen.o
                                         0x38 (size before relaxing)
 .eh_frame      0x0000000000115dc8       0x20 binaries/ramread.o
                                         0x38 (size before relaxing)
 .eh_frame      0x0000000000115de8       0x20 binaries/ramwrite.o
                                         0x38 (size before relaxing)
 .eh_frame      0x0000000000115e08       0x28 binaries/lfdballoc.o
                                         0x40 (size before relaxing)
 .eh_frame      0x0000000000115e30       0x24 binaries/lfdbfree.o
                                         0x3c (size before relaxing)
 .eh_frame      0x0000000000115e54       0x24 binaries/lfflush.o
                                         0x3c (size before relaxing)
 .eh_frame      0x0000000000115e78       0x20 binaries/lfgetmode.o
                                         0x38 (size before relaxing)
 .eh_frame      0x0000000000115e98       0x24 binaries/lfiballoc.o
                                         0x3c (size before relaxing)
 .eh_frame      0x0000000000115ebc       0x20 binaries/lfibclear.o
                                         0x38 (size before relaxing)
 .eh_frame      0x0000000000115edc       0x2c binaries/lfibget.o
                                         0x44 (size before relaxing)
 .eh_frame      0x0000000000115f08       0x2c binaries/lfibput.o
                                         0x44 (size before relaxing)
 .eh_frame      0x0000000000115f34       0x28 binaries/lflclose.o
                                         0x40 (size before relaxing)
 .eh_frame      0x0000000000115f5c       0x28 binaries/lflcontrol.o
                                         0x40 (size before relaxing)
 .eh_frame      0x0000000000115f84       0x28 binaries/lflgetc.o
                                         0x40 (size before relaxing)
 .eh_frame      0x0000000000115fac       0x24 binaries/lflinit.o
                                         0x3c (size before relaxing)
 .eh_frame      0x0000000000115fd0       0x2c binaries/lflputc.o
                                         0x44 (size before relaxing)
 .eh_frame      0x0000000000115ffc       0x2c binaries/lflread.o
                                         0x44 (size before relaxing)
 .eh_frame      0x0000000000116028       0x2c binaries/lflseek.o
                                         0x44 (size before relaxing)
 .eh_frame      0x0000000000116054       0x2c binaries/lflwrite.o
                                         0x44 (size before relaxing)
 .eh_frame      0x0000000000116080       0x30 binaries/lfsckfmt.o
                                         0x48 (size before relaxing)
 .eh_frame      0x00000000001160b0       0x30 binaries/lfscreate.o
                                         0x48 (size before relaxing)
 .eh_frame      0x00000000001160e0       0x30 binaries/lfsetup.o
                                         0x48 (size before relaxing)
 .eh_frame      0x0000000000116110       0x20 binaries/lfsinit.o
                                         0x38 (size before relaxing)
 .eh_frame      0x0000000000116130       0x30 binaries/lfsopen.o
                                         0x48 (size before relaxing)
 .eh_frame      0x0000000000116160       0x30 binaries/lftruncate.o
                                         0x48 (size before relaxing)
 .eh_frame      0x0000000000116190       0x20 binaries/rflclose.o
                                         0x38 (size before relaxing)
 .eh_frame      0x00000000001161b0       0x20 binaries/rflgetc.o
                                         0x38 (size before relaxing)
 .eh_frame      0x00000000001161d0       0x20 binaries/rflinit.o
                                         0x38 (size before relaxing)
 .eh_frame      0x00000000001161f0       0x20 binaries/rflputc.o
                                         0x38 (size before relaxing)
 .eh_frame      0x0000000000116210       0x30 binaries/rflread.o
                                         0x48 (size before relaxing)
 .eh_frame      0x0000000000116240       0x20 binaries/rflseek.o
                                         0x38 (size before relaxing)
 .eh_frame      0x0000000000116260       0x30 binaries/rflwrite.o
                                         0x48 (size before relaxing)
 .eh_frame      0x0000000000116290       0x30 binaries/rfscomm.o
                                         0x48 (size before relaxing)
 .eh_frame      0x00000000001162c0       0x2c binaries/rfscontrol.o
                                         0x44 (size before relaxing)
 .eh_frame      0x00000000001162ec       0x20 binaries/rfsgetmode.o
                                         0x38 (size before relaxing)
 .eh_frame      0x000000000011630c       0x20 binaries/rfsinit.o
                                         0x38 (size before relaxing)
 .eh_frame      0x000000000011632c       0x20 binaries/rfsndmsg.o
                                         0x38 (size before relaxing)
 .eh_frame      0x000000000011634c       0x2c binaries/rfsopen.o
                                         0x44 (size before relaxing)
 .eh_frame      0x0000000000116378       0xec binaries/arp.o
                                        0x104 (size before relaxing)
 .eh_frame      0x0000000000116464       0xd0 binaries/dhcp.o
                                         0xe8 (size before relaxing)
 .eh_frame      0x0000000000116534       0x2c binaries/dot2ip.o
                                         0x44 (size before relaxing)
 .eh_frame      0x0000000000116560       0x60 binaries/hexdump.o
                                         0x78 (size before relaxing)
 .eh_frame      0x00000000001165c0      0x194 binaries/icmp.o
                                        0x1ac (size before relaxing)
 .eh_frame      0x0000000000116754      0x144 binaries/ip.o
                                        0x15c (size before relaxing)
 .eh_frame      0x0000000000116898       0x7c binaries/net.o
                                         0x94 (size before relaxing)
 .eh_frame      0x0000000000116914       0x24 binaries/netstart.o
                                         0x3c (size before relaxing)
 .eh_frame      0x0000000000116938       0x50 binaries/pdump.o
                                         0x68 (size before relaxing)
 .eh_frame      0x0000000000116988       0x80 binaries/tftp.o
                                         0x98 (size before relaxing)
 .eh_frame      0x0000000000116a08      0x1a4 binaries/udp.o
                                        0x1bc (size before relaxing)
[...]
 .comment       0x0000000000000000       0x2b binaries/net.o
 .comment       0x0000000000000000       0x2b binaries/netstart.o
 .comment       0x0000000000000000       0x2b binaries/pdump.o
 .comment       0x0000000000000000       0x2b binaries/tftp.o
 .comment       0x0000000000000000       0x2b binaries/udp.o
 .comment       0x0000000000000000       0x2b binaries/addargs.o
 .comment       0x0000000000000000       0x2b binaries/lexan.o
 .comment       0x0000000000000000       0x2b binaries/shell.o
 .comment       0x0000000000000000       0x2b binaries/xsh_argecho.o
 .comment       0x0000000000000000       0x2b binaries/xsh_arp.o
 .comment       0x0000000000000000       0x2b binaries/xsh_cat.o
 .comment       0x0000000000000000       0x2b binaries/xsh_clear.o
 .comment       0x0000000000000000       0x2b binaries/xsh_date.o
 .comment       0x0000000000000000       0x2b binaries/xsh_devdump.o
 .comment       0x0000000000000000       0x2b binaries/xsh_echo.o
 .comment       0x0000000000000000       0x2b binaries/xsh_exit.o
 .comment       0x0000000000000000       0x2b binaries/xsh_help.o
 .comment       0x0000000000000000       0x2b binaries/xsh_ipaddr.o
 .comment       0x0000000000000000       0x2b binaries/xsh_kill.o
 .comment       0x0000000000000000       0x2b binaries/xsh_memdump.o
 .comment       0x0000000000000000       0x2b binaries/xsh_memstat.o
 .comment       0x0000000000000000       0x2b binaries/xsh_ping.o
 .comment       0x0000000000000000       0x2b binaries/xsh_ps.o
 .comment       0x0000000000000000       0x2b binaries/xsh_sleep.o
 .comment       0x0000000000000000       0x2b binaries/xsh_udpdump.o
 .comment       0x0000000000000000       0x2b binaries/xsh_udpecho.o
 .comment       0x0000000000000000       0x2b binaries/xsh_udpeserver.o
 .comment       0x0000000000000000       0x2b binaries/xsh_uptime.o

.note.GNU-stack
                0x0000000000000000        0x0
 .note.GNU-stack
                0x0000000000000000        0x0 binaries/ascdate.o
 .note.GNU-stack
                0x0000000000000000        0x0 binaries/bufinit.o
 .note.GNU-stack
                0x0000000000000000        0x0 binaries/chprio.o
 .note.GNU-stack
                0x0000000000000000        0x0 binaries/clkhandler.o
 .note.GNU-stack
                0x0000000000000000        0x0 binaries/clkinit.o
 .note.GNU-stack
                0x0000000000000000        0x0 binaries/close.o
 .note.GNU-stack
                0x0000000000000000        0x0 binaries/conf.o
 .note.GNU-stack
                0x0000000000000000        0x0 binaries/control.o
 .note.GNU-stack
                0x0000000000000000        0x0 binaries/create.o
 .note.GNU-stack
                0x0000000000000000        0x0 binaries/early_imr.o
 .note.GNU-stack
                0x0000000000000000        0x0 binaries/evec.o
 .note.GNU-stack
                0x0000000000000000        0x0 binaries/freebuf.o
 .note.GNU-stack
                0x0000000000000000        0x0 binaries/freemem.o
 .note.GNU-stack
                0x0000000000000000        0x0 binaries/getbuf.o
 .note.GNU-stack
                0x0000000000000000        0x0 binaries/getc.o
 .note.GNU-stack
                0x0000000000000000        0x0 binaries/getdev.o
 .note.GNU-stack
                0x0000000000000000        0x0 binaries/getitem.o
 .note.GNU-stack
                0x0000000000000000        0x0 binaries/getmem.o
 .note.GNU-stack
                0x0000000000000000        0x0 binaries/getpid.o
 .note.GNU-stack
                0x0000000000000000        0x0 binaries/getprio.o
 .note.GNU-stack
                0x0000000000000000        0x0 binaries/getstk.o
 .note.GNU-stack
                0x0000000000000000        0x0 binaries/gettime.o
 .note.GNU-stack
                0x0000000000000000        0x0 binaries/getutime.o
 .note.GNU-stack
                0x0000000000000000        0x0 binaries/init.o
 .note.GNU-stack
                0x0000000000000000        0x0 binaries/initialize.o
 .note.GNU-stack
                0x0000000000000000        0x0 binaries/insert.o
 .note.GNU-stack
                0x0000000000000000        0x0 binaries/insertd.o
 .note.GNU-stack
                0x0000000000000000        0x0 binaries/ioerr.o
 .note.GNU-stack
                0x0000000000000000        0x0 binaries/ionull.o
 .note.GNU-stack
                0x0000000000000000        0x0 binaries/kill.o
 .note.GNU-stack
                0x0000000000000000        0x0 binaries/kprintf.o
 .note.GNU-stack
                0x0000000000000000        0x0 binaries/main.o
 .note.GNU-stack
                0x0000000000000000        0x0 binaries/mark.o
 .note.GNU-stack
                0x0000000000000000        0x0 binaries/meminit.o
 .note.GNU-stack
                0x0000000000000000        0x0 binaries/mkbufpool.o
 .note.GNU-stack
                0x0000000000000000        0x0 binaries/newqueue.o
 .note.GNU-stack
                0x0000000000000000        0x0 binaries/open.o
 .note.GNU-stack
                0x0000000000000000        0x0 binaries/panic.o
 .note.GNU-stack
                0x0000000000000000        0x0 binaries/pci.o
 .note.GNU-stack
                0x0000000000000000        0x0 binaries/platinit.o
 .note.GNU-stack
                0x0000000000000000        0x0 binaries/printloop.o
 .note.GNU-stack
                0x0000000000000000        0x0 binaries/printprocstks.o
 .note.GNU-stack
                0x0000000000000000        0x0 binaries/printsegaddress.o
 .note.GNU-stack
                0x0000000000000000        0x0 binaries/ptclear.o
 .note.GNU-stack
                0x0000000000000000        0x0 binaries/ptcount.o
 .note.GNU-stack
                0x0000000000000000        0x0 binaries/ptcreate.o
 .note.GNU-stack
                0x0000000000000000        0x0 binaries/ptdelete.o
 .note.GNU-stack
                0x0000000000000000        0x0 binaries/ptinit.o
 .note.GNU-stack
                0x0000000000000000        0x0 binaries/ptrecv.o
 .note.GNU-stack
                0x0000000000000000        0x0 binaries/ptreset.o
 .note.GNU-stack
                0x0000000000000000        0x0 binaries/ptsend.o
 .note.GNU-stack
                0x0000000000000000        0x0 binaries/putc.o
 .note.GNU-stack
                0x0000000000000000        0x0 binaries/quark_irq.o
 .note.GNU-stack
                0x0000000000000000        0x0 binaries/quark_pdat.o
 .note.GNU-stack
                0x0000000000000000        0x0 binaries/queue.o
 .note.GNU-stack
                0x0000000000000000        0x0 binaries/read.o
 .note.GNU-stack
                0x0000000000000000        0x0 binaries/ready.o
 .note.GNU-stack
                0x0000000000000000        0x0 binaries/receive.o
 .note.GNU-stack
                0x0000000000000000        0x0 binaries/recvclr.o
 .note.GNU-stack
                0x0000000000000000        0x0 binaries/recvtime.o
 .note.GNU-stack
                0x0000000000000000        0x0 binaries/resched.o
 .note.GNU-stack
                0x0000000000000000        0x0 binaries/resume.o
 .note.GNU-stack
                0x0000000000000000        0x0 binaries/seek.o
 .note.GNU-stack
                0x0000000000000000        0x0 binaries/semcount.o
 .note.GNU-stack
                0x0000000000000000        0x0 binaries/semcreate.o
 .note.GNU-stack
                0x0000000000000000        0x0 binaries/semdelete.o
 .note.GNU-stack
                0x0000000000000000        0x0 binaries/semreset.o
 .note.GNU-stack
                0x0000000000000000        0x0 binaries/send.o
 .note.GNU-stack
                0x0000000000000000        0x0 binaries/signal.o
 .note.GNU-stack
                0x0000000000000000        0x0 binaries/signaln.o
 .note.GNU-stack
                0x0000000000000000        0x0 binaries/sleep.o
 .note.GNU-stack
                0x0000000000000000        0x0 binaries/stacktrace.o
 .note.GNU-stack
                0x0000000000000000        0x0 binaries/suspend.o
 .note.GNU-stack
                0x0000000000000000        0x0 binaries/unsleep.o
 .note.GNU-stack
                0x0000000000000000        0x0 binaries/userret.o
 .note.GNU-stack
                0x0000000000000000        0x0 binaries/wait.o
 .note.GNU-stack
                0x0000000000000000        0x0 binaries/wakeup.o
 .note.GNU-stack
                0x0000000000000000        0x0 binaries/write.o
 .note.GNU-stack
                0x0000000000000000        0x0 binaries/xdone.o
 .note.GNU-stack
                0x0000000000000000        0x0 binaries/yield.o
 .note.GNU-stack
                0x0000000000000000        0x0 binaries/abs.o
 .note.GNU-stack
                0x0000000000000000        0x0 binaries/atoi.o
 .note.GNU-stack
                0x0000000000000000        0x0 binaries/atol.o
 .note.GNU-stack
                0x0000000000000000        0x0 binaries/bzero.o
 .note.GNU-stack
                0x0000000000000000        0x0 binaries/ctype_.o
 .note.GNU-stack
                0x0000000000000000        0x0 binaries/doprnt.o
 .note.GNU-stack
                0x0000000000000000        0x0 binaries/doscan.o
 .note.GNU-stack
                0x0000000000000000        0x0 binaries/fdoprnt.o
 .note.GNU-stack
                0x0000000000000000        0x0 binaries/fgetc.o
 .note.GNU-stack
                0x0000000000000000        0x0 binaries/fgets.o
 .note.GNU-stack
                0x0000000000000000        0x0 binaries/fprintf.o
 .note.GNU-stack
                0x0000000000000000        0x0 binaries/fputc.o
 .note.GNU-stack
                0x0000000000000000        0x0 binaries/fputs.o
 .note.GNU-stack
                0x0000000000000000        0x0 binaries/fscanf.o
 .note.GNU-stack
                0x0000000000000000        0x0 binaries/getchar.o
 .note.GNU-stack
                0x0000000000000000        0x0 binaries/labs.o
 .note.GNU-stack
                0x0000000000000000        0x0 binaries/memchr.o
 .note.GNU-stack
                0x0000000000000000        0x0 binaries/memcmp.o
 .note.GNU-stack
                0x0000000000000000        0x0 binaries/memcpy.o
 .note.GNU-stack
                0x0000000000000000        0x0 binaries/memset.o
 .note.GNU-stack
                0x0000000000000000        0x0 binaries/printf.o
 .note.GNU-stack
                0x0000000000000000        0x0 binaries/putchar.o
 .note.GNU-stack
                0x0000000000000000        0x0 binaries/qsort.o
 .note.GNU-stack
                0x0000000000000000        0x0 binaries/rand.o
 .note.GNU-stack
                0x0000000000000000        0x0 binaries/sprintf.o
 .note.GNU-stack
                0x0000000000000000        0x0 binaries/sscanf.o
 .note.GNU-stack
                0x0000000000000000        0x0 binaries/strchr.o
 .note.GNU-stack
                0x0000000000000000        0x0 binaries/strcmp.o
 .note.GNU-stack
                0x0000000000000000        0x0 binaries/strcpy.o
 .note.GNU-stack
                0x0000000000000000        0x0 binaries/strlen.o
 .note.GNU-stack
                0x0000000000000000        0x0 binaries/strncat.o
 .note.GNU-stack
                0x0000000000000000        0x0 binaries/strncmp.o
 .note.GNU-stack
                0x0000000000000000        0x0 binaries/strncpy.o
 .note.GNU-stack
                0x0000000000000000        0x0 binaries/strnlen.o
 .note.GNU-stack
                0x0000000000000000        0x0 binaries/strrchr.o
 .note.GNU-stack
                0x0000000000000000        0x0 binaries/strstr.o
 .note.GNU-stack
                0x0000000000000000        0x0 binaries/ttycontrol.o
 .note.GNU-stack
                0x0000000000000000        0x0 binaries/ttygetc.o
 .note.GNU-stack
                0x0000000000000000        0x0 binaries/ttyhandle_in.o
 .note.GNU-stack
                0x0000000000000000        0x0 binaries/ttyhandle_out.o
 .note.GNU-stack
                0x0000000000000000        0x0 binaries/ttyhandler.o
 .note.GNU-stack
                0x0000000000000000        0x0 binaries/ttyinit.o
 .note.GNU-stack
                0x0000000000000000        0x0 binaries/ttykickout.o
 .note.GNU-stack
                0x0000000000000000        0x0 binaries/ttyputc.o
 .note.GNU-stack
                0x0000000000000000        0x0 binaries/ttyread.o
 .note.GNU-stack
                0x0000000000000000        0x0 binaries/ttywrite.o
 .note.GNU-stack
                0x0000000000000000        0x0 binaries/mount.o
 .note.GNU-stack
                0x0000000000000000        0x0 binaries/naminit.o
 .note.GNU-stack
                0x0000000000000000        0x0 binaries/nammap.o
 .note.GNU-stack
                0x0000000000000000        0x0 binaries/namopen.o
 .note.GNU-stack
                0x0000000000000000        0x0 binaries/colon2mac.o
 .note.GNU-stack
                0x0000000000000000        0x0 binaries/ethcontrol.o
 .note.GNU-stack
                0x0000000000000000        0x0 binaries/ethhandler.o
 .note.GNU-stack
                0x0000000000000000        0x0 binaries/ethinit.o
 .note.GNU-stack
                0x0000000000000000        0x0 binaries/ethmcast.o
 .note.GNU-stack
                0x0000000000000000        0x0 binaries/ethread.o
 .note.GNU-stack
                0x0000000000000000        0x0 binaries/ethwrite.o
 .note.GNU-stack
                0x0000000000000000        0x0 binaries/rdsbufalloc.o
 .note.GNU-stack
                0x0000000000000000        0x0 binaries/rdsclose.o
 .note.GNU-stack
                0x0000000000000000        0x0 binaries/rdscomm.o
 .note.GNU-stack
                0x0000000000000000        0x0 binaries/rdscontrol.o
 .note.GNU-stack
                0x0000000000000000        0x0 binaries/rdsinit.o
 .note.GNU-stack
                0x0000000000000000        0x0 binaries/rdsopen.o
 .note.GNU-stack
                0x0000000000000000        0x0 binaries/rdsprocess.o
 .note.GNU-stack
                0x0000000000000000        0x0 binaries/rdsread.o
 .note.GNU-stack
                0x0000000000000000        0x0 binaries/rdswrite.o
 .note.GNU-stack
                0x0000000000000000        0x0 binaries/ramclose.o
 .note.GNU-stack
                0x0000000000000000        0x0 binaries/raminit.o
 .note.GNU-stack
                0x0000000000000000        0x0 binaries/ramopen.o
 .note.GNU-stack
                0x0000000000000000        0x0 binaries/ramread.o
 .note.GNU-stack
                0x0000000000000000        0x0 binaries/ramwrite.o
 .note.GNU-stack
                0x0000000000000000        0x0 binaries/lfdballoc.o
 .note.GNU-stack
                0x0000000000000000        0x0 binaries/lfdbfree.o
 .note.GNU-stack
                0x0000000000000000        0x0 binaries/lfflush.o
 .note.GNU-stack
                0x0000000000000000        0x0 binaries/lfgetmode.o
 .note.GNU-stack
                0x0000000000000000        0x0 binaries/lfiballoc.o
 .note.GNU-stack
                0x0000000000000000        0x0 binaries/lfibclear.o
 .note.GNU-stack
                0x0000000000000000        0x0 binaries/lfibget.o
 .note.GNU-stack
                0x0000000000000000        0x0 binaries/lfibput.o
 .note.GNU-stack
                0x0000000000000000        0x0 binaries/lflclose.o
 .note.GNU-stack
                0x0000000000000000        0x0 binaries/lflcontrol.o
 .note.GNU-stack
                0x0000000000000000        0x0 binaries/lflgetc.o
 .note.GNU-stack
                0x0000000000000000        0x0 binaries/lflinit.o
 .note.GNU-stack
                0x0000000000000000        0x0 binaries/lflputc.o
 .note.GNU-stack
                0x0000000000000000        0x0 binaries/lflread.o
 .note.GNU-stack
                0x0000000000000000        0x0 binaries/lflseek.o
 .note.GNU-stack
                0x0000000000000000        0x0 binaries/lflwrite.o
 .note.GNU-stack
                0x0000000000000000        0x0 binaries/lfsckfmt.o
 .note.GNU-stack
                0x0000000000000000        0x0 binaries/lfscreate.o
 .note.GNU-stack
                0x0000000000000000        0x0 binaries/lfsetup.o
 .note.GNU-stack
                0x0000000000000000        0x0 binaries/lfsinit.o
 .note.GNU-stack
                0x0000000000000000        0x0 binaries/lfsopen.o
 .note.GNU-stack
                0x0000000000000000        0x0 binaries/lftruncate.o
 .note.GNU-stack
                0x0000000000000000        0x0 binaries/rflclose.o
 .note.GNU-stack
                0x0000000000000000        0x0 binaries/rflgetc.o
 .note.GNU-stack
                0x0000000000000000        0x0 binaries/rflinit.o
 .note.GNU-stack
                0x0000000000000000        0x0 binaries/rflputc.o
 .note.GNU-stack
                0x0000000000000000        0x0 binaries/rflread.o
 .note.GNU-stack
                0x0000000000000000        0x0 binaries/rflseek.o
 .note.GNU-stack
                0x0000000000000000        0x0 binaries/rflwrite.o
 .note.GNU-stack
                0x0000000000000000        0x0 binaries/rfscomm.o
 .note.GNU-stack
                0x0000000000000000        0x0 binaries/rfscontrol.o
 .note.GNU-stack
                0x0000000000000000        0x0 binaries/rfsgetmode.o
 .note.GNU-stack
                0x0000000000000000        0x0 binaries/rfsinit.o
 .note.GNU-stack
                0x0000000000000000        0x0 binaries/rfsndmsg.o
 .note.GNU-stack
                0x0000000000000000        0x0 binaries/rfsopen.o
 .note.GNU-stack
                0x0000000000000000        0x0 binaries/arp.o
 .note.GNU-stack
                0x0000000000000000        0x0 binaries/dhcp.o
 .note.GNU-stack
                0x0000000000000000        0x0 binaries/dot2ip.o
 .note.GNU-stack
                0x0000000000000000        0x0 binaries/hexdump.o
 .note.GNU-stack
                0x0000000000000000        0x0 binaries/icmp.o
 .note.GNU-stack
                0x0000000000000000        0x0 binaries/ip.o
 .note.GNU-stack
                0x0000000000000000        0x0 binaries/net.o
 .note.GNU-stack
                0x0000000000000000        0x0 binaries/netstart.o
 .note.GNU-stack
                0x0000000000000000        0x0 binaries/pdump.o
 .note.GNU-stack
                0x0000000000000000        0x0 binaries/tftp.o
 .note.GNU-stack
                0x0000000000000000        0x0 binaries/udp.o
 .note.GNU-stack
                0x0000000000000000        0x0 binaries/addargs.o
 .note.GNU-stack
                0x0000000000000000        0x0 binaries/lexan.o
 .note.GNU-stack
                0x0000000000000000        0x0 binaries/shell.o
 .note.GNU-stack
                0x0000000000000000        0x0 binaries/xsh_argecho.o
 .note.GNU-stack
                0x0000000000000000        0x0 binaries/xsh_arp.o
 .note.GNU-stack
                0x0000000000000000        0x0 binaries/xsh_cat.o
 .note.GNU-stack
                0x0000000000000000        0x0 binaries/xsh_clear.o
 .note.GNU-stack
                0x0000000000000000        0x0 binaries/xsh_date.o
 .note.GNU-stack
                0x0000000000000000        0x0 binaries/xsh_devdump.o
 .note.GNU-stack
                0x0000000000000000        0x0 binaries/xsh_echo.o
 .note.GNU-stack
                0x0000000000000000        0x0 binaries/xsh_exit.o
 .note.GNU-stack
                0x0000000000000000        0x0 binaries/xsh_help.o
 .note.GNU-stack
                0x0000000000000000        0x0 binaries/xsh_ipaddr.o
 .note.GNU-stack
                0x0000000000000000        0x0 binaries/xsh_kill.o
 .note.GNU-stack
                0x0000000000000000        0x0 binaries/xsh_memdump.o
 .note.GNU-stack
                0x0000000000000000        0x0 binaries/xsh_memstat.o
 .note.GNU-stack
                0x0000000000000000        0x0 binaries/xsh_ping.o
 .note.GNU-stack
                0x0000000000000000        0x0 binaries/xsh_ps.o
 .note.GNU-stack
                0x0000000000000000        0x0 binaries/xsh_sleep.o
 .note.GNU-stack
                0x0000000000000000        0x0 binaries/xsh_udpdump.o
 .note.GNU-stack
                0x0000000000000000        0x0 binaries/xsh_udpecho.o
 .note.GNU-stack
                0x0000000000000000        0x0 binaries/xsh_udpeserver.o
 .note.GNU-stack
                0x0000000000000000        0x0 binaries/xsh_uptime.o
